ModReadParam::read_file: read and broadcast nLine=  32 lines of text
 nCarringtonRotation, nTheta0, nPhi0:  1200 180 360
 nThetaLgr =  10 nThetaSml =  10
 nPhiLgr   =  10 nPhiSml   =  10
 Partitioning in nThetaAll gives:  20 Actual nThetaAll is:  20
 Partitioning in nPhiAll gives:    20 Actual nPhiAll is:    20
 nIter, Tolerance, iError= 62   5.5719357206187369E-11 0
 max(abs(divb)) =    1.9881040147495810E-09
 nProcTheta, nProcPhi= 2 2
